// Vitest Snapshot v1, https://vitest.dev/guide/snapshot.html

exports[`ActivityInfoFooter > snapshot > should match snapshot when rendered with typical data 1`] = `
<div
  class="flex w-full items-center gap-2 text-sm"
>
  <div
    class="grid flex-1 auto-rows-min gap-0.5"
  >
    <div
      class="text-xs text-muted-foreground"
    >
      Average
    </div>
    <div
      class="flex items-baseline gap-1 text-xl font-bold tabular-nums leading-none"
    >
      8.5
      <span
        class="text-sm font-normal text-muted-foreground"
      >
        tasks/day
      </span>
    </div>
  </div>
  <div
    class="grid flex-1 auto-rows-min gap-0.5"
  >
    <div
      class="text-xs text-muted-foreground"
    >
      Best Day
    </div>
    <div
      class="flex items-baseline gap-1 text-xl font-bold tabular-nums leading-none"
    >
      15
      <span
        class="text-sm font-normal text-muted-foreground"
      >
        on 
        Monday
      </span>
    </div>
  </div>
</div>
`;
