// Vitest Snapshot v1, https://vitest.dev/guide/snapshot.html

exports[`ChartCenterLabel > snapshot > should match snapshot when rendered with typical data 1`] = `
<svg>
  <text
    dominant-baseline="middle"
    text-anchor="middle"
    x="200"
    y="150"
  >
    <tspan
      class="fill-foreground text-3xl font-bold"
      x="200"
      y="150"
    >
      42
    </tspan>
    <tspan
      class="fill-muted-foreground"
      x="200"
      y="174"
    >
      Total Tasks
    </tspan>
  </text>
</svg>
`;
